stm32f3xx_it.c:76:6:NMI_Handler	0	static
stm32f3xx_it.c:89:6:HardFault_Handler	0	static
stm32f3xx_it.c:104:6:MemManage_Handler	0	static
stm32f3xx_it.c:119:6:BusFault_Handler	0	static
stm32f3xx_it.c:134:6:UsageFault_Handler	0	static
stm32f3xx_it.c:149:6:SVC_Handler	0	static
stm32f3xx_it.c:162:6:DebugMon_Handler	0	static
stm32f3xx_it.c:175:6:PendSV_Handler	0	static
stm32f3xx_it.c:188:6:SysTick_Handler	8	static
stm32f3xx_it.c:209:6:EXTI0_IRQHandler	16	static
stm32f3xx_it.c:227:6:TIM2_IRQHandler	8	static
stm32f3xx_it.c:241:6:USART1_IRQHandler	8	static
stm32f3xx_it.c:260:6:USART2_IRQHandler	8	static
stm32f3xx_it.c:281:6:TIM6_DAC1_IRQHandler	8	static
