stm32f3xx_it.c:79:6:NMI_Handler	0	static
stm32f3xx_it.c:92:6:HardFault_Handler	0	static
stm32f3xx_it.c:107:6:MemManage_Handler	0	static
stm32f3xx_it.c:122:6:BusFault_Handler	0	static
stm32f3xx_it.c:137:6:UsageFault_Handler	0	static
stm32f3xx_it.c:152:6:SVC_Handler	0	static
stm32f3xx_it.c:165:6:DebugMon_Handler	0	static
stm32f3xx_it.c:178:6:PendSV_Handler	0	static
stm32f3xx_it.c:191:6:SysTick_Handler	8	static
stm32f3xx_it.c:212:6:EXTI0_IRQHandler	16	static
stm32f3xx_it.c:231:6:DMA1_Channel3_IRQHandler	8	static
stm32f3xx_it.c:245:6:TIM2_IRQHandler	8	static
stm32f3xx_it.c:269:6:USART1_IRQHandler	8	static
stm32f3xx_it.c:288:6:USART2_IRQHandler	8	static
stm32f3xx_it.c:309:6:TIM6_DAC1_IRQHandler	8	static
stm32f3xx_it.c:324:6:TIM7_DAC2_IRQHandler	8	static
