Archive member included to satisfy reference by file (symbol)

c:/st/stm32cubeide_1.4.0/stm32cubeide/plugins/com.st.stm32cube.ide.mcu.externaltools.gnu-tools-for-stm32.7-2018-q2-update.win32_1.4.0.202007081208/tools/bin/../lib/gcc/arm-none-eabi/7.3.1/../../../../arm-none-eabi/lib/thumb/v7e-m/fpv4-sp/hard\libc_nano.a(lib_a-errno.o)
                              Core/Src/syscalls.o (__errno)
c:/st/stm32cubeide_1.4.0/stm32cubeide/plugins/com.st.stm32cube.ide.mcu.externaltools.gnu-tools-for-stm32.7-2018-q2-update.win32_1.4.0.202007081208/tools/bin/../lib/gcc/arm-none-eabi/7.3.1/../../../../arm-none-eabi/lib/thumb/v7e-m/fpv4-sp/hard\libc_nano.a(lib_a-exit.o)
                              c:/st/stm32cubeide_1.4.0/stm32cubeide/plugins/com.st.stm32cube.ide.mcu.externaltools.gnu-tools-for-stm32.7-2018-q2-update.win32_1.4.0.202007081208/tools/bin/../lib/gcc/arm-none-eabi/7.3.1/../../../../arm-none-eabi/lib/thumb/v7e-m/fpv4-sp/hard/crt0.o (exit)
c:/st/stm32cubeide_1.4.0/stm32cubeide/plugins/com.st.stm32cube.ide.mcu.externaltools.gnu-tools-for-stm32.7-2018-q2-update.win32_1.4.0.202007081208/tools/bin/../lib/gcc/arm-none-eabi/7.3.1/../../../../arm-none-eabi/lib/thumb/v7e-m/fpv4-sp/hard\libc_nano.a(lib_a-impure.o)
                              c:/st/stm32cubeide_1.4.0/stm32cubeide/plugins/com.st.stm32cube.ide.mcu.externaltools.gnu-tools-for-stm32.7-2018-q2-update.win32_1.4.0.202007081208/tools/bin/../lib/gcc/arm-none-eabi/7.3.1/../../../../arm-none-eabi/lib/thumb/v7e-m/fpv4-sp/hard\libc_nano.a(lib_a-exit.o) (_global_impure_ptr)
c:/st/stm32cubeide_1.4.0/stm32cubeide/plugins/com.st.stm32cube.ide.mcu.externaltools.gnu-tools-for-stm32.7-2018-q2-update.win32_1.4.0.202007081208/tools/bin/../lib/gcc/arm-none-eabi/7.3.1/../../../../arm-none-eabi/lib/thumb/v7e-m/fpv4-sp/hard\libc_nano.a(lib_a-init.o)
                              c:/st/stm32cubeide_1.4.0/stm32cubeide/plugins/com.st.stm32cube.ide.mcu.externaltools.gnu-tools-for-stm32.7-2018-q2-update.win32_1.4.0.202007081208/tools/bin/../lib/gcc/arm-none-eabi/7.3.1/../../../../arm-none-eabi/lib/thumb/v7e-m/fpv4-sp/hard/crt0.o (__libc_init_array)
c:/st/stm32cubeide_1.4.0/stm32cubeide/plugins/com.st.stm32cube.ide.mcu.externaltools.gnu-tools-for-stm32.7-2018-q2-update.win32_1.4.0.202007081208/tools/bin/../lib/gcc/arm-none-eabi/7.3.1/../../../../arm-none-eabi/lib/thumb/v7e-m/fpv4-sp/hard\libc_nano.a(lib_a-memset.o)
                              c:/st/stm32cubeide_1.4.0/stm32cubeide/plugins/com.st.stm32cube.ide.mcu.externaltools.gnu-tools-for-stm32.7-2018-q2-update.win32_1.4.0.202007081208/tools/bin/../lib/gcc/arm-none-eabi/7.3.1/../../../../arm-none-eabi/lib/thumb/v7e-m/fpv4-sp/hard/crt0.o (memset)

Allocating common symbols
Common symbol       size              file

hdac1               0x14              Core/Src/main.o
hdma_dac1_ch1       0x44              Core/Src/main.o
uwTick              0x4               Drivers/STM32F3xx_HAL_Driver/Src/stm32f3xx_hal.o
pFlash              0x20              Drivers/STM32F3xx_HAL_Driver/Src/stm32f3xx_hal_flash.o
huart1              0x80              Core/Src/main.o
htim6               0x40              Core/Src/main.o
pc_message          0x64              Core/Src/usercode.o
gps_message         0x64              Core/Src/usercode.o
htim2               0x40              Core/Src/main.o
timecode_pulse      0x48              Core/Src/usercode.o
huart2              0x80              Core/Src/main.o
timecode            0x12              Core/Src/usercode.o

Discarded input sections

 .text          0x0000000000000000        0x0 c:/st/stm32cubeide_1.4.0/stm32cubeide/plugins/com.st.stm32cube.ide.mcu.externaltools.gnu-tools-for-stm32.7-2018-q2-update.win32_1.4.0.202007081208/tools/bin/../lib/gcc/arm-none-eabi/7.3.1/thumb/v7e-m/fpv4-sp/hard/crti.o
 .data          0x0000000000000000        0x0 c:/st/stm32cubeide_1.4.0/stm32cubeide/plugins/com.st.stm32cube.ide.mcu.externaltools.gnu-tools-for-stm32.7-2018-q2-update.win32_1.4.0.202007081208/tools/bin/../lib/gcc/arm-none-eabi/7.3.1/thumb/v7e-m/fpv4-sp/hard/crti.o
 .bss           0x0000000000000000        0x0 c:/st/stm32cubeide_1.4.0/stm32cubeide/plugins/com.st.stm32cube.ide.mcu.externaltools.gnu-tools-for-stm32.7-2018-q2-update.win32_1.4.0.202007081208/tools/bin/../lib/gcc/arm-none-eabi/7.3.1/thumb/v7e-m/fpv4-sp/hard/crti.o
 .data          0x0000000000000000        0x4 c:/st/stm32cubeide_1.4.0/stm32cubeide/plugins/com.st.stm32cube.ide.mcu.externaltools.gnu-tools-for-stm32.7-2018-q2-update.win32_1.4.0.202007081208/tools/bin/../lib/gcc/arm-none-eabi/7.3.1/thumb/v7e-m/fpv4-sp/hard/crtbegin.o
 .text          0x0000000000000000       0x74 c:/st/stm32cubeide_1.4.0/stm32cubeide/plugins/com.st.stm32cube.ide.mcu.externaltools.gnu-tools-for-stm32.7-2018-q2-update.win32_1.4.0.202007081208/tools/bin/../lib/gcc/arm-none-eabi/7.3.1/../../../../arm-none-eabi/lib/thumb/v7e-m/fpv4-sp/hard/crt0.o
[...]
Memory Configuration

Name             Origin             Length             Attributes
CCMRAM           0x0000000010000000 0x0000000000001000 xrw
RAM              0x0000000020000000 0x0000000000003000 xrw
FLASH            0x0000000008000000 0x0000000000010000 xr
*default*        0x0000000000000000 0xffffffffffffffff

Linker script and memory map

LOAD c:/st/stm32cubeide_1.4.0/stm32cubeide/plugins/com.st.stm32cube.ide.mcu.externaltools.gnu-tools-for-stm32.7-2018-q2-update.win32_1.4.0.202007081208/tools/bin/../lib/gcc/arm-none-eabi/7.3.1/thumb/v7e-m/fpv4-sp/hard/crti.o
LOAD c:/st/stm32cubeide_1.4.0/stm32cubeide/plugins/com.st.stm32cube.ide.mcu.externaltools.gnu-tools-for-stm32.7-2018-q2-update.win32_1.4.0.202007081208/tools/bin/../lib/gcc/arm-none-eabi/7.3.1/thumb/v7e-m/fpv4-sp/hard/crtbegin.o
LOAD c:/st/stm32cubeide_1.4.0/stm32cubeide/plugins/com.st.stm32cube.ide.mcu.externaltools.gnu-tools-for-stm32.7-2018-q2-update.win32_1.4.0.202007081208/tools/bin/../lib/gcc/arm-none-eabi/7.3.1/../../../../arm-none-eabi/lib/thumb/v7e-m/fpv4-sp/hard/crt0.o
LOAD Core/Src/main.o
LOAD Core/Src/stm32f3xx_hal_msp.o
LOAD Core/Src/stm32f3xx_it.o
LOAD Core/Src/syscalls.o
LOAD Core/Src/sysmem.o
LOAD Core/Src/system_stm32f3xx.o
LOAD Core/Src/usercode.o
LOAD Core/Startup/startup_stm32f334r8tx.o
LOAD Drivers/STM32F3xx_HAL_Driver/Src/stm32f3xx_hal.o
LOAD Drivers/STM32F3xx_HAL_Driver/Src/stm32f3xx_hal_cortex.o
LOAD Drivers/STM32F3xx_HAL_Driver/Src/stm32f3xx_hal_dac.o
LOAD Drivers/STM32F3xx_HAL_Driver/Src/stm32f3xx_hal_dac_ex.o
LOAD Drivers/STM32F3xx_HAL_Driver/Src/stm32f3xx_hal_dma.o
LOAD Drivers/STM32F3xx_HAL_Driver/Src/stm32f3xx_hal_exti.o
LOAD Drivers/STM32F3xx_HAL_Driver/Src/stm32f3xx_hal_flash.o
LOAD Drivers/STM32F3xx_HAL_Driver/Src/stm32f3xx_hal_flash_ex.o
LOAD Drivers/STM32F3xx_HAL_Driver/Src/stm32f3xx_hal_gpio.o
LOAD Drivers/STM32F3xx_HAL_Driver/Src/stm32f3xx_hal_i2c.o
LOAD Drivers/STM32F3xx_HAL_Driver/Src/stm32f3xx_hal_i2c_ex.o
LOAD Drivers/STM32F3xx_HAL_Driver/Src/stm32f3xx_hal_pwr.o
LOAD Drivers/STM32F3xx_HAL_Driver/Src/stm32f3xx_hal_pwr_ex.o
LOAD Drivers/STM32F3xx_HAL_Driver/Src/stm32f3xx_hal_rcc.o
LOAD Drivers/STM32F3xx_HAL_Driver/Src/stm32f3xx_hal_rcc_ex.o
LOAD Drivers/STM32F3xx_HAL_Driver/Src/stm32f3xx_hal_tim.o
LOAD Drivers/STM32F3xx_HAL_Driver/Src/stm32f3xx_hal_tim_ex.o
LOAD Drivers/STM32F3xx_HAL_Driver/Src/stm32f3xx_hal_uart.o
LOAD Drivers/STM32F3xx_HAL_Driver/Src/stm32f3xx_hal_uart_ex.o
START GROUP
LOAD c:/st/stm32cubeide_1.4.0/stm32cubeide/plugins/com.st.stm32cube.ide.mcu.externaltools.gnu-tools-for-stm32.7-2018-q2-update.win32_1.4.0.202007081208/tools/bin/../lib/gcc/arm-none-eabi/7.3.1/../../../../arm-none-eabi/lib/thumb/v7e-m/fpv4-sp/hard\libc_nano.a
LOAD c:/st/stm32cubeide_1.4.0/stm32cubeide/plugins/com.st.stm32cube.ide.mcu.externaltools.gnu-tools-for-stm32.7-2018-q2-update.win32_1.4.0.202007081208/tools/bin/../lib/gcc/arm-none-eabi/7.3.1/../../../../arm-none-eabi/lib/thumb/v7e-m/fpv4-sp/hard\libm.a
END GROUP
START GROUP
LOAD c:/st/stm32cubeide_1.4.0/stm32cubeide/plugins/com.st.stm32cube.ide.mcu.externaltools.gnu-tools-for-stm32.7-2018-q2-update.win32_1.4.0.202007081208/tools/bin/../lib/gcc/arm-none-eabi/7.3.1/thumb/v7e-m/fpv4-sp/hard\libgcc.a
LOAD c:/st/stm32cubeide_1.4.0/stm32cubeide/plugins/com.st.stm32cube.ide.mcu.externaltools.gnu-tools-for-stm32.7-2018-q2-update.win32_1.4.0.202007081208/tools/bin/../lib/gcc/arm-none-eabi/7.3.1/../../../../arm-none-eabi/lib/thumb/v7e-m/fpv4-sp/hard\libc_nano.a
END GROUP
START GROUP
LOAD c:/st/stm32cubeide_1.4.0/stm32cubeide/plugins/com.st.stm32cube.ide.mcu.externaltools.gnu-tools-for-stm32.7-2018-q2-update.win32_1.4.0.202007081208/tools/bin/../lib/gcc/arm-none-eabi/7.3.1/thumb/v7e-m/fpv4-sp/hard\libgcc.a
LOAD c:/st/stm32cubeide_1.4.0/stm32cubeide/plugins/com.st.stm32cube.ide.mcu.externaltools.gnu-tools-for-stm32.7-2018-q2-update.win32_1.4.0.202007081208/tools/bin/../lib/gcc/arm-none-eabi/7.3.1/../../../../arm-none-eabi/lib/thumb/v7e-m/fpv4-sp/hard\libc_nano.a
LOAD c:/st/stm32cubeide_1.4.0/stm32cubeide/plugins/com.st.stm32cube.ide.mcu.externaltools.gnu-tools-for-stm32.7-2018-q2-update.win32_1.4.0.202007081208/tools/bin/../lib/gcc/arm-none-eabi/7.3.1/../../../../arm-none-eabi/lib/thumb/v7e-m/fpv4-sp/hard\libnosys.a
END GROUP
START GROUP
LOAD c:/st/stm32cubeide_1.4.0/stm32cubeide/plugins/com.st.stm32cube.ide.mcu.externaltools.gnu-tools-for-stm32.7-2018-q2-update.win32_1.4.0.202007081208/tools/bin/../lib/gcc/arm-none-eabi/7.3.1/thumb/v7e-m/fpv4-sp/hard\libgcc.a
LOAD c:/st/stm32cubeide_1.4.0/stm32cubeide/plugins/com.st.stm32cube.ide.mcu.externaltools.gnu-tools-for-stm32.7-2018-q2-update.win32_1.4.0.202007081208/tools/bin/../lib/gcc/arm-none-eabi/7.3.1/../../../../arm-none-eabi/lib/thumb/v7e-m/fpv4-sp/hard\libc_nano.a
LOAD c:/st/stm32cubeide_1.4.0/stm32cubeide/plugins/com.st.stm32cube.ide.mcu.externaltools.gnu-tools-for-stm32.7-2018-q2-update.win32_1.4.0.202007081208/tools/bin/../lib/gcc/arm-none-eabi/7.3.1/../../../../arm-none-eabi/lib/thumb/v7e-m/fpv4-sp/hard\libnosys.a
END GROUP
LOAD c:/st/stm32cubeide_1.4.0/stm32cubeide/plugins/com.st.stm32cube.ide.mcu.externaltools.gnu-tools-for-stm32.7-2018-q2-update.win32_1.4.0.202007081208/tools/bin/../lib/gcc/arm-none-eabi/7.3.1/thumb/v7e-m/fpv4-sp/hard/crtend.o
LOAD c:/st/stm32cubeide_1.4.0/stm32cubeide/plugins/com.st.stm32cube.ide.mcu.externaltools.gnu-tools-for-stm32.7-2018-q2-update.win32_1.4.0.202007081208/tools/bin/../lib/gcc/arm-none-eabi/7.3.1/thumb/v7e-m/fpv4-sp/hard/crtn.o
                0x0000000020003000                _estack = (ORIGIN (RAM) + LENGTH (RAM))
                0x0000000000000200                _Min_Heap_Size = 0x200
                0x0000000000000400                _Min_Stack_Size = 0x400

.isr_vector     0x0000000008000000      0x188
                0x0000000008000000                . = ALIGN (0x4)
 *(.isr_vector)
 .isr_vector    0x0000000008000000      0x188 Core/Startup/startup_stm32f334r8tx.o
                0x0000000008000000                g_pfnVectors
                0x0000000008000188                . = ALIGN (0x4)

.text           0x0000000008000188     0x2794
                0x0000000008000188                . = ALIGN (0x4)
 *(.text)
 .text          0x0000000008000188       0x40 c:/st/stm32cubeide_1.4.0/stm32cubeide/plugins/com.st.stm32cube.ide.mcu.externaltools.gnu-tools-for-stm32.7-2018-q2-update.win32_1.4.0.202007081208/tools/bin/../lib/gcc/arm-none-eabi/7.3.1/thumb/v7e-m/fpv4-sp/hard/crtbegin.o
 *(.text*)
 .text.MX_GPIO_Init
                0x00000000080001c8       0xa0 Core/Src/main.o
 .text.MX_DMA_Init
                0x0000000008000268       0x34 Core/Src/main.o
 .text.MX_NVIC_Init
                0x000000000800029c       0x34 Core/Src/main.o
 .text.MX_USART2_UART_Init
                0x00000000080002d0       0x48 Core/Src/main.o
 .text.MX_USART1_UART_Init
                0x0000000008000318       0x30 Core/Src/main.o
 .text.MX_DAC1_Init
                0x0000000008000348       0x38 Core/Src/main.o
 .text.MX_TIM2_Init
                0x0000000008000380       0x54 Core/Src/main.o
 .text.MX_TIM6_Init
                0x00000000080003d4       0x40 Core/Src/main.o
 .text.SystemClock_Config
                0x0000000008000414       0x5c Core/Src/main.o
                0x0000000008000414                SystemClock_Config
 .text.main     0x0000000008000470      0x184 Core/Src/main.o
                0x0000000008000470                main
 .text.Error_Handler
                0x00000000080005f4        0x2 Core/Src/main.o
                0x00000000080005f4                Error_Handler
 *fill*         0x00000000080005f6        0x2 
 .text.HAL_MspInit
                0x00000000080005f8       0x30 Core/Src/stm32f3xx_hal_msp.o
                0x00000000080005f8                HAL_MspInit
 .text.HAL_DAC_MspInit
                0x0000000008000628       0xbc Core/Src/stm32f3xx_hal_msp.o
                0x0000000008000628                HAL_DAC_MspInit
 .text.HAL_TIM_Base_MspInit
                0x00000000080006e4       0x70 Core/Src/stm32f3xx_hal_msp.o
                0x00000000080006e4                HAL_TIM_Base_MspInit
 .text.HAL_UART_MspInit
                0x0000000008000754       0xb8 Core/Src/stm32f3xx_hal_msp.o
                0x0000000008000754                HAL_UART_MspInit
 .text.NMI_Handler
                0x000000000800080c        0x2 Core/Src/stm32f3xx_it.o
                0x000000000800080c                NMI_Handler
 .text.HardFault_Handler
                0x000000000800080e        0x2 Core/Src/stm32f3xx_it.o
                0x000000000800080e                HardFault_Handler
 .text.MemManage_Handler
                0x0000000008000810        0x2 Core/Src/stm32f3xx_it.o
                0x0000000008000810                MemManage_Handler
 .text.BusFault_Handler
                0x0000000008000812        0x2 Core/Src/stm32f3xx_it.o
                0x0000000008000812                BusFault_Handler
 .text.UsageFault_Handler
                0x0000000008000814        0x2 Core/Src/stm32f3xx_it.o
                0x0000000008000814                UsageFault_Handler
 .text.SVC_Handler
                0x0000000008000816        0x2 Core/Src/stm32f3xx_it.o
                0x0000000008000816                SVC_Handler
 .text.DebugMon_Handler
                0x0000000008000818        0x2 Core/Src/stm32f3xx_it.o
                0x0000000008000818                DebugMon_Handler
 .text.PendSV_Handler
                0x000000000800081a        0x2 Core/Src/stm32f3xx_it.o
                0x000000000800081a                PendSV_Handler
 .text.SysTick_Handler
                0x000000000800081c        0x8 Core/Src/stm32f3xx_it.o
                0x000000000800081c                SysTick_Handler
 .text.EXTI0_IRQHandler
                0x0000000008000824       0x3c Core/Src/stm32f3xx_it.o
                0x0000000008000824                EXTI0_IRQHandler
 .text.DMA1_Channel3_IRQHandler
                0x0000000008000860       0x10 Core/Src/stm32f3xx_it.o
                0x0000000008000860                DMA1_Channel3_IRQHandler
 .text.TIM2_IRQHandler
                0x0000000008000870       0x10 Core/Src/stm32f3xx_it.o
                0x0000000008000870                TIM2_IRQHandler
 .text.USART1_IRQHandler
                0x0000000008000880       0x28 Core/Src/stm32f3xx_it.o
                0x0000000008000880                USART1_IRQHandler
 .text.USART2_IRQHandler
                0x00000000080008a8       0x28 Core/Src/stm32f3xx_it.o
                0x00000000080008a8                USART2_IRQHandler
 .text.TIM6_DAC1_IRQHandler
                0x00000000080008d0       0x18 Core/Src/stm32f3xx_it.o
                0x00000000080008d0                TIM6_DAC1_IRQHandler
 .text.SystemInit
                0x00000000080008e8       0x1c Core/Src/system_stm32f3xx.o
                0x00000000080008e8                SystemInit
 .text.handle_uart_interrupt_pc
                0x0000000008000904       0x58 Core/Src/usercode.o
                0x0000000008000904                handle_uart_interrupt_pc
 .text.handle_uart_interrupt_gps
                0x000000000800095c       0x58 Core/Src/usercode.o
                0x000000000800095c                handle_uart_interrupt_gps
 .text.concat_timecode
                0x00000000080009b4       0x7c Core/Src/usercode.o
                0x00000000080009b4                concat_timecode
 .text.is_same_string
                0x0000000008000a30       0x24 Core/Src/usercode.o
                0x0000000008000a30                is_same_string
 .text.HAL_DAC_ConvCpltCallbackCh1
                0x0000000008000a54       0x10 Core/Src/usercode.o
                0x0000000008000a54                HAL_DAC_ConvCpltCallbackCh1
 .text.Reset_Handler
                0x0000000008000a64       0x50 Core/Startup/startup_stm32f334r8tx.o
                0x0000000008000a64                Reset_Handler
 .text.Default_Handler
                0x0000000008000ab4        0x2 Core/Startup/startup_stm32f334r8tx.o
                0x0000000008000ab4                RTC_Alarm_IRQHandler
                0x0000000008000ab4                HRTIM1_Master_IRQHandler
                0x0000000008000ab4                TIM1_CC_IRQHandler
                0x0000000008000ab4                HRTIM1_FLT_IRQHandler
                0x0000000008000ab4                PVD_IRQHandler
                0x0000000008000ab4                HRTIM1_TIMD_IRQHandler
                0x0000000008000ab4                TAMP_STAMP_IRQHandler
                0x0000000008000ab4                EXTI3_IRQHandler
                0x0000000008000ab4                FPU_IRQHandler
                0x0000000008000ab4                CAN_TX_IRQHandler
                0x0000000008000ab4                TIM1_UP_TIM16_IRQHandler
                0x0000000008000ab4                ADC1_2_IRQHandler
                0x0000000008000ab4                HRTIM1_TIME_IRQHandler
                0x0000000008000ab4                SPI1_IRQHandler
                0x0000000008000ab4                CAN_SCE_IRQHandler
                0x0000000008000ab4                HRTIM1_TIMC_IRQHandler
                0x0000000008000ab4                DMA1_Channel4_IRQHandler
                0x0000000008000ab4                USART3_IRQHandler
                0x0000000008000ab4                DMA1_Channel7_IRQHandler
                0x0000000008000ab4                TIM7_DAC2_IRQHandler
                0x0000000008000ab4                CAN_RX1_IRQHandler
                0x0000000008000ab4                I2C1_EV_IRQHandler
                0x0000000008000ab4                DMA1_Channel6_IRQHandler
                0x0000000008000ab4                TIM3_IRQHandler
                0x0000000008000ab4                RCC_IRQHandler
                0x0000000008000ab4                DMA1_Channel1_IRQHandler
                0x0000000008000ab4                Default_Handler
                0x0000000008000ab4                EXTI15_10_IRQHandler
                0x0000000008000ab4                COMP2_IRQHandler
                0x0000000008000ab4                HRTIM1_TIMA_IRQHandler
                0x0000000008000ab4                EXTI9_5_IRQHandler
                0x0000000008000ab4                RTC_WKUP_IRQHandler
                0x0000000008000ab4                DMA1_Channel5_IRQHandler
                0x0000000008000ab4                EXTI4_IRQHandler
                0x0000000008000ab4                HRTIM1_TIMB_IRQHandler
                0x0000000008000ab4                TIM1_TRG_COM_TIM17_IRQHandler
                0x0000000008000ab4                WWDG_IRQHandler
                0x0000000008000ab4                EXTI1_IRQHandler
                0x0000000008000ab4                COMP4_6_IRQHandler
                0x0000000008000ab4                DMA1_Channel2_IRQHandler
                0x0000000008000ab4                FLASH_IRQHandler
                0x0000000008000ab4                CAN_RX0_IRQHandler
                0x0000000008000ab4                I2C1_ER_IRQHandler
                0x0000000008000ab4                EXTI2_TSC_IRQHandler
                0x0000000008000ab4                TIM1_BRK_TIM15_IRQHandler
 *fill*         0x0000000008000ab6        0x2 
 .text.HAL_InitTick
                0x0000000008000ab8       0x4c Drivers/STM32F3xx_HAL_Driver/Src/stm32f3xx_hal.o
                0x0000000008000ab8                HAL_InitTick
 .text.HAL_Init
                0x0000000008000b04       0x24 Drivers/STM32F3xx_HAL_Driver/Src/stm32f3xx_hal.o
                0x0000000008000b04                HAL_Init
 .text.HAL_IncTick
                0x0000000008000b28       0x18 Drivers/STM32F3xx_HAL_Driver/Src/stm32f3xx_hal.o
                0x0000000008000b28                HAL_IncTick
 .text.HAL_GetTick
                0x0000000008000b40        0xc Drivers/STM32F3xx_HAL_Driver/Src/stm32f3xx_hal.o
                0x0000000008000b40                HAL_GetTick
 .text.HAL_NVIC_SetPriorityGrouping
                0x0000000008000b4c       0x24 Drivers/STM32F3xx_HAL_Driver/Src/stm32f3xx_hal_cortex.o
                0x0000000008000b4c                HAL_NVIC_SetPriorityGrouping
 .text.HAL_NVIC_SetPriority
                0x0000000008000b70       0x68 Drivers/STM32F3xx_HAL_Driver/Src/stm32f3xx_hal_cortex.o
                0x0000000008000b70                HAL_NVIC_SetPriority
 .text.HAL_NVIC_EnableIRQ
                0x0000000008000bd8       0x1c Drivers/STM32F3xx_HAL_Driver/Src/stm32f3xx_hal_cortex.o
                0x0000000008000bd8                HAL_NVIC_EnableIRQ
 .text.HAL_SYSTICK_Config
                0x0000000008000bf4       0x2c Drivers/STM32F3xx_HAL_Driver/Src/stm32f3xx_hal_cortex.o
                0x0000000008000bf4                HAL_SYSTICK_Config
 .text.HAL_DAC_Init
                0x0000000008000c20       0x24 Drivers/STM32F3xx_HAL_Driver/Src/stm32f3xx_hal_dac.o
                0x0000000008000c20                HAL_DAC_Init
 .text.HAL_DAC_Stop_DMA
                0x0000000008000c44       0x54 Drivers/STM32F3xx_HAL_Driver/Src/stm32f3xx_hal_dac.o
                0x0000000008000c44                HAL_DAC_Stop_DMA
 .text.HAL_DAC_ConvHalfCpltCallbackCh1
                0x0000000008000c98        0x2 Drivers/STM32F3xx_HAL_Driver/Src/stm32f3xx_hal_dac.o
                0x0000000008000c98                HAL_DAC_ConvHalfCpltCallbackCh1
 .text.HAL_DAC_ErrorCallbackCh1
                0x0000000008000c9a        0x2 Drivers/STM32F3xx_HAL_Driver/Src/stm32f3xx_hal_dac.o
                0x0000000008000c9a                HAL_DAC_ErrorCallbackCh1
 .text.HAL_DAC_DMAUnderrunCallbackCh1
                0x0000000008000c9c        0x2 Drivers/STM32F3xx_HAL_Driver/Src/stm32f3xx_hal_dac.o
                0x0000000008000c9c                HAL_DAC_DMAUnderrunCallbackCh1
 .text.DAC_DMAErrorCh1
                0x0000000008000c9e       0x18 Drivers/STM32F3xx_HAL_Driver/Src/stm32f3xx_hal_dac_ex.o
 .text.DAC_DMAHalfConvCpltCh1
                0x0000000008000cb6        0xa Drivers/STM32F3xx_HAL_Driver/Src/stm32f3xx_hal_dac_ex.o
 .text.DAC_DMAConvCpltCh1
                0x0000000008000cc0       0x10 Drivers/STM32F3xx_HAL_Driver/Src/stm32f3xx_hal_dac_ex.o
 .text.HAL_DAC_Start_DMA
                0x0000000008000cd0       0xf0 Drivers/STM32F3xx_HAL_Driver/Src/stm32f3xx_hal_dac_ex.o
                0x0000000008000cd0                HAL_DAC_Start_DMA
 .text.HAL_DAC_ConfigChannel
                0x0000000008000dc0       0x6c Drivers/STM32F3xx_HAL_Driver/Src/stm32f3xx_hal_dac_ex.o
                0x0000000008000dc0                HAL_DAC_ConfigChannel
 .text.HAL_DACEx_ConvCpltCallbackCh2
                0x0000000008000e2c        0x2 Drivers/STM32F3xx_HAL_Driver/Src/stm32f3xx_hal_dac_ex.o
                0x0000000008000e2c                HAL_DACEx_ConvCpltCallbackCh2
 .text.DAC_DMAConvCpltCh2
                0x0000000008000e2e       0x10 Drivers/STM32F3xx_HAL_Driver/Src/stm32f3xx_hal_dac_ex.o
 .text.HAL_DACEx_ConvHalfCpltCallbackCh2
                0x0000000008000e3e        0x2 Drivers/STM32F3xx_HAL_Driver/Src/stm32f3xx_hal_dac_ex.o
                0x0000000008000e3e                HAL_DACEx_ConvHalfCpltCallbackCh2
 .text.DAC_DMAHalfConvCpltCh2
                0x0000000008000e40        0xa Drivers/STM32F3xx_HAL_Driver/Src/stm32f3xx_hal_dac_ex.o
 .text.HAL_DACEx_ErrorCallbackCh2
                0x0000000008000e4a        0x2 Drivers/STM32F3xx_HAL_Driver/Src/stm32f3xx_hal_dac_ex.o
                0x0000000008000e4a                HAL_DACEx_ErrorCallbackCh2
 .text.DAC_DMAErrorCh2
                0x0000000008000e4c       0x18 Drivers/STM32F3xx_HAL_Driver/Src/stm32f3xx_hal_dac_ex.o
 .text.HAL_DACEx_DMAUnderrunCallbackCh2
                0x0000000008000e64        0x2 Drivers/STM32F3xx_HAL_Driver/Src/stm32f3xx_hal_dac_ex.o
                0x0000000008000e64                HAL_DACEx_DMAUnderrunCallbackCh2
 .text.HAL_DAC_IRQHandler
                0x0000000008000e66       0x70 Drivers/STM32F3xx_HAL_Driver/Src/stm32f3xx_hal_dac_ex.o
                0x0000000008000e66                HAL_DAC_IRQHandler
 .text.DMA_SetConfig
                0x0000000008000ed6       0x2c Drivers/STM32F3xx_HAL_Driver/Src/stm32f3xx_hal_dma.o
 *fill*         0x0000000008000f02        0x2 
 .text.DMA_CalcBaseAndBitshift
                0x0000000008000f04       0x24 Drivers/STM32F3xx_HAL_Driver/Src/stm32f3xx_hal_dma.o
 .text.HAL_DMA_Init
                0x0000000008000f28       0x50 Drivers/STM32F3xx_HAL_Driver/Src/stm32f3xx_hal_dma.o
                0x0000000008000f28                HAL_DMA_Init
 .text.HAL_DMA_Start_IT
                0x0000000008000f78       0x74 Drivers/STM32F3xx_HAL_Driver/Src/stm32f3xx_hal_dma.o
                0x0000000008000f78                HAL_DMA_Start_IT
 .text.HAL_DMA_Abort
                0x0000000008000fec       0x44 Drivers/STM32F3xx_HAL_Driver/Src/stm32f3xx_hal_dma.o
                0x0000000008000fec                HAL_DMA_Abort
 .text.HAL_DMA_Abort_IT
                0x0000000008001030       0x4a Drivers/STM32F3xx_HAL_Driver/Src/stm32f3xx_hal_dma.o
                0x0000000008001030                HAL_DMA_Abort_IT
 .text.HAL_DMA_IRQHandler
                0x000000000800107a       0xb4 Drivers/STM32F3xx_HAL_Driver/Src/stm32f3xx_hal_dma.o
                0x000000000800107a                HAL_DMA_IRQHandler
 *fill*         0x000000000800112e        0x2 
 .text.HAL_GPIO_Init
                0x0000000008001130      0x188 Drivers/STM32F3xx_HAL_Driver/Src/stm32f3xx_hal_gpio.o
                0x0000000008001130                HAL_GPIO_Init
 .text.HAL_GPIO_WritePin
                0x00000000080012b8        0xa Drivers/STM32F3xx_HAL_Driver/Src/stm32f3xx_hal_gpio.o
                0x00000000080012b8                HAL_GPIO_WritePin
 .text.HAL_GPIO_EXTI_Callback
                0x00000000080012c2        0x2 Drivers/STM32F3xx_HAL_Driver/Src/stm32f3xx_hal_gpio.o
                0x00000000080012c2                HAL_GPIO_EXTI_Callback
 .text.HAL_GPIO_EXTI_IRQHandler
                0x00000000080012c4       0x1c Drivers/STM32F3xx_HAL_Driver/Src/stm32f3xx_hal_gpio.o
                0x00000000080012c4                HAL_GPIO_EXTI_IRQHandler
 .text.HAL_RCC_OscConfig
                0x00000000080012e0      0x644 Drivers/STM32F3xx_HAL_Driver/Src/stm32f3xx_hal_rcc.o
                0x00000000080012e0                HAL_RCC_OscConfig
 .text.HAL_RCC_GetSysClockFreq
                0x0000000008001924       0x70 Drivers/STM32F3xx_HAL_Driver/Src/stm32f3xx_hal_rcc.o
                0x0000000008001924                HAL_RCC_GetSysClockFreq
 .text.HAL_RCC_ClockConfig
                0x0000000008001994      0x1a4 Drivers/STM32F3xx_HAL_Driver/Src/stm32f3xx_hal_rcc.o
                0x0000000008001994                HAL_RCC_ClockConfig
 .text.HAL_RCC_GetHCLKFreq
                0x0000000008001b38        0xc Drivers/STM32F3xx_HAL_Driver/Src/stm32f3xx_hal_rcc.o
                0x0000000008001b38                HAL_RCC_GetHCLKFreq
 .text.HAL_RCC_GetPCLK1Freq
                0x0000000008001b44       0x2c Drivers/STM32F3xx_HAL_Driver/Src/stm32f3xx_hal_rcc.o
                0x0000000008001b44                HAL_RCC_GetPCLK1Freq
 .text.HAL_RCC_GetPCLK2Freq
                0x0000000008001b70       0x2c Drivers/STM32F3xx_HAL_Driver/Src/stm32f3xx_hal_rcc.o
                0x0000000008001b70                HAL_RCC_GetPCLK2Freq
 .text.HAL_RCCEx_PeriphCLKConfig
                0x0000000008001b9c      0x1ac Drivers/STM32F3xx_HAL_Driver/Src/stm32f3xx_hal_rcc_ex.o
                0x0000000008001b9c                HAL_RCCEx_PeriphCLKConfig
 .text.TIM_TI1_ConfigInputStage
                0x0000000008001d48       0x26 Drivers/STM32F3xx_HAL_Driver/Src/stm32f3xx_hal_tim.o
 .text.TIM_TI2_ConfigInputStage
                0x0000000008001d6e       0x28 Drivers/STM32F3xx_HAL_Driver/Src/stm32f3xx_hal_tim.o
 .text.TIM_ITRx_SetConfig
                0x0000000008001d96       0x10 Drivers/STM32F3xx_HAL_Driver/Src/stm32f3xx_hal_tim.o
 *fill*         0x0000000008001da6        0x2 
 .text.HAL_TIM_Base_Start_IT
                0x0000000008001da8       0x2c Drivers/STM32F3xx_HAL_Driver/Src/stm32f3xx_hal_tim.o
                0x0000000008001da8                HAL_TIM_Base_Start_IT
 .text.HAL_TIM_Base_Stop_IT
                0x0000000008001dd4       0x2c Drivers/STM32F3xx_HAL_Driver/Src/stm32f3xx_hal_tim.o
                0x0000000008001dd4                HAL_TIM_Base_Stop_IT
 .text.HAL_TIM_PeriodElapsedCallback
                0x0000000008001e00        0x2 Drivers/STM32F3xx_HAL_Driver/Src/stm32f3xx_hal_tim.o
                0x0000000008001e00                HAL_TIM_PeriodElapsedCallback
 .text.HAL_TIM_OC_DelayElapsedCallback
                0x0000000008001e02        0x2 Drivers/STM32F3xx_HAL_Driver/Src/stm32f3xx_hal_tim.o
                0x0000000008001e02                HAL_TIM_OC_DelayElapsedCallback
 .text.HAL_TIM_IC_CaptureCallback
                0x0000000008001e04        0x2 Drivers/STM32F3xx_HAL_Driver/Src/stm32f3xx_hal_tim.o
                0x0000000008001e04                HAL_TIM_IC_CaptureCallback
 .text.HAL_TIM_PWM_PulseFinishedCallback
                0x0000000008001e06        0x2 Drivers/STM32F3xx_HAL_Driver/Src/stm32f3xx_hal_tim.o
                0x0000000008001e06                HAL_TIM_PWM_PulseFinishedCallback
 .text.HAL_TIM_TriggerCallback
                0x0000000008001e08        0x2 Drivers/STM32F3xx_HAL_Driver/Src/stm32f3xx_hal_tim.o
                0x0000000008001e08                HAL_TIM_TriggerCallback
 .text.HAL_TIM_IRQHandler
                0x0000000008001e0a      0x19a Drivers/STM32F3xx_HAL_Driver/Src/stm32f3xx_hal_tim.o
                0x0000000008001e0a                HAL_TIM_IRQHandler
 .text.TIM_Base_SetConfig
                0x0000000008001fa4       0x90 Drivers/STM32F3xx_HAL_Driver/Src/stm32f3xx_hal_tim.o
                0x0000000008001fa4                TIM_Base_SetConfig
 .text.HAL_TIM_Base_Init
                0x0000000008002034       0x32 Drivers/STM32F3xx_HAL_Driver/Src/stm32f3xx_hal_tim.o
                0x0000000008002034                HAL_TIM_Base_Init
 .text.TIM_ETR_SetConfig
                0x0000000008002066       0x18 Drivers/STM32F3xx_HAL_Driver/Src/stm32f3xx_hal_tim.o
                0x0000000008002066                TIM_ETR_SetConfig
 *fill*         0x000000000800207e        0x2 
 .text.HAL_TIM_ConfigClockSource
                0x0000000008002080       0xdc Drivers/STM32F3xx_HAL_Driver/Src/stm32f3xx_hal_tim.o
                0x0000000008002080                HAL_TIM_ConfigClockSource
 .text.HAL_TIMEx_MasterConfigSynchronization
                0x000000000800215c       0x78 Drivers/STM32F3xx_HAL_Driver/Src/stm32f3xx_hal_tim_ex.o
                0x000000000800215c                HAL_TIMEx_MasterConfigSynchronization
 .text.HAL_TIMEx_CommutCallback
                0x00000000080021d4        0x2 Drivers/STM32F3xx_HAL_Driver/Src/stm32f3xx_hal_tim_ex.o
                0x00000000080021d4                HAL_TIMEx_CommutCallback
 .text.HAL_TIMEx_BreakCallback
                0x00000000080021d6        0x2 Drivers/STM32F3xx_HAL_Driver/Src/stm32f3xx_hal_tim_ex.o
                0x00000000080021d6                HAL_TIMEx_BreakCallback
 .text.HAL_TIMEx_Break2Callback
                0x00000000080021d8        0x2 Drivers/STM32F3xx_HAL_Driver/Src/stm32f3xx_hal_tim_ex.o
                0x00000000080021d8                HAL_TIMEx_Break2Callback
 .text.UART_EndRxTransfer
                0x00000000080021da       0x1e Drivers/STM32F3xx_HAL_Driver/Src/stm32f3xx_hal_uart.o
 .text.UART_TxISR_8BIT
                0x00000000080021f8       0x42 Drivers/STM32F3xx_HAL_Driver/Src/stm32f3xx_hal_uart.o
 .text.UART_TxISR_16BIT
                0x000000000800223a       0x46 Drivers/STM32F3xx_HAL_Driver/Src/stm32f3xx_hal_uart.o
 .text.HAL_UART_Transmit_IT
                0x0000000008002280       0x70 Drivers/STM32F3xx_HAL_Driver/Src/stm32f3xx_hal_uart.o
                0x0000000008002280                HAL_UART_Transmit_IT
 .text.HAL_UART_TxCpltCallback
                0x00000000080022f0        0x2 Drivers/STM32F3xx_HAL_Driver/Src/stm32f3xx_hal_uart.o
                0x00000000080022f0                HAL_UART_TxCpltCallback
 .text.UART_EndTransmit_IT
                0x00000000080022f2       0x1a Drivers/STM32F3xx_HAL_Driver/Src/stm32f3xx_hal_uart.o
 .text.HAL_UART_ErrorCallback
                0x000000000800230c        0x2 Drivers/STM32F3xx_HAL_Driver/Src/stm32f3xx_hal_uart.o
                0x000000000800230c                HAL_UART_ErrorCallback
 *fill*         0x000000000800230e        0x2 
 .text.HAL_UART_IRQHandler
                0x0000000008002310      0x178 Drivers/STM32F3xx_HAL_Driver/Src/stm32f3xx_hal_uart.o
                0x0000000008002310                HAL_UART_IRQHandler
 .text.UART_DMAAbortOnError
                0x0000000008002488       0x14 Drivers/STM32F3xx_HAL_Driver/Src/stm32f3xx_hal_uart.o
 .text.UART_SetConfig
                0x000000000800249c      0x1d8 Drivers/STM32F3xx_HAL_Driver/Src/stm32f3xx_hal_uart.o
                0x000000000800249c                UART_SetConfig
 .text.UART_AdvFeatureConfig
                0x0000000008002674       0xca Drivers/STM32F3xx_HAL_Driver/Src/stm32f3xx_hal_uart.o
                0x0000000008002674                UART_AdvFeatureConfig
 .text.UART_WaitOnFlagUntilTimeout
                0x000000000800273e       0x9c Drivers/STM32F3xx_HAL_Driver/Src/stm32f3xx_hal_uart.o
                0x000000000800273e                UART_WaitOnFlagUntilTimeout
 .text.UART_CheckIdleState
                0x00000000080027da       0x6c Drivers/STM32F3xx_HAL_Driver/Src/stm32f3xx_hal_uart.o
                0x00000000080027da                UART_CheckIdleState
 .text.HAL_UART_Init
                0x0000000008002846       0x62 Drivers/STM32F3xx_HAL_Driver/Src/stm32f3xx_hal_uart.o
                0x0000000008002846                HAL_UART_Init
 .text.HAL_UARTEx_WakeupCallback
                0x00000000080028a8        0x2 Drivers/STM32F3xx_HAL_Driver/Src/stm32f3xx_hal_uart_ex.o
                0x00000000080028a8                HAL_UARTEx_WakeupCallback
 *fill*         0x00000000080028aa        0x2 
 .text.__libc_init_array
                0x00000000080028ac       0x48 c:/st/stm32cubeide_1.4.0/stm32cubeide/plugins/com.st.stm32cube.ide.mcu.externaltools.gnu-tools-for-stm32.7-2018-q2-update.win32_1.4.0.202007081208/tools/bin/../lib/gcc/arm-none-eabi/7.3.1/../../../../arm-none-eabi/lib/thumb/v7e-m/fpv4-sp/hard\libc_nano.a(lib_a-init.o)
                0x00000000080028ac                __libc_init_array
 .text.memset   0x00000000080028f4       0x10 c:/st/stm32cubeide_1.4.0/stm32cubeide/plugins/com.st.stm32cube.ide.mcu.externaltools.gnu-tools-for-stm32.7-2018-q2-update.win32_1.4.0.202007081208/tools/bin/../lib/gcc/arm-none-eabi/7.3.1/../../../../arm-none-eabi/lib/thumb/v7e-m/fpv4-sp/hard\libc_nano.a(lib_a-memset.o)
                0x00000000080028f4                memset
 *(.glue_7)
 .glue_7        0x0000000008002904        0x0 linker stubs
 *(.glue_7t)
 .glue_7t       0x0000000008002904        0x0 linker stubs
 *(.eh_frame)
 .eh_frame      0x0000000008002904        0x0 c:/st/stm32cubeide_1.4.0/stm32cubeide/plugins/com.st.stm32cube.ide.mcu.externaltools.gnu-tools-for-stm32.7-2018-q2-update.win32_1.4.0.202007081208/tools/bin/../lib/gcc/arm-none-eabi/7.3.1/thumb/v7e-m/fpv4-sp/hard/crtbegin.o
 *(.init)
 .init          0x0000000008002904        0x4 c:/st/stm32cubeide_1.4.0/stm32cubeide/plugins/com.st.stm32cube.ide.mcu.externaltools.gnu-tools-for-stm32.7-2018-q2-update.win32_1.4.0.202007081208/tools/bin/../lib/gcc/arm-none-eabi/7.3.1/thumb/v7e-m/fpv4-sp/hard/crti.o
                0x0000000008002904                _init
 .init          0x0000000008002908        0x8 c:/st/stm32cubeide_1.4.0/stm32cubeide/plugins/com.st.stm32cube.ide.mcu.externaltools.gnu-tools-for-stm32.7-2018-q2-update.win32_1.4.0.202007081208/tools/bin/../lib/gcc/arm-none-eabi/7.3.1/thumb/v7e-m/fpv4-sp/hard/crtn.o
 *(.fini)
 .fini          0x0000000008002910        0x4 c:/st/stm32cubeide_1.4.0/stm32cubeide/plugins/com.st.stm32cube.ide.mcu.externaltools.gnu-tools-for-stm32.7-2018-q2-update.win32_1.4.0.202007081208/tools/bin/../lib/gcc/arm-none-eabi/7.3.1/thumb/v7e-m/fpv4-sp/hard/crti.o
                0x0000000008002910                _fini
 .fini          0x0000000008002914        0x8 c:/st/stm32cubeide_1.4.0/stm32cubeide/plugins/com.st.stm32cube.ide.mcu.externaltools.gnu-tools-for-stm32.7-2018-q2-update.win32_1.4.0.202007081208/tools/bin/../lib/gcc/arm-none-eabi/7.3.1/thumb/v7e-m/fpv4-sp/hard/crtn.o
                0x000000000800291c                . = ALIGN (0x4)
                0x000000000800291c                _etext = .

.vfp11_veneer   0x000000000800291c        0x0
 .vfp11_veneer  0x000000000800291c        0x0 linker stubs

.v4_bx          0x000000000800291c        0x0
 .v4_bx         0x000000000800291c        0x0 linker stubs

.iplt           0x000000000800291c        0x0
 .iplt          0x000000000800291c        0x0 c:/st/stm32cubeide_1.4.0/stm32cubeide/plugins/com.st.stm32cube.ide.mcu.externaltools.gnu-tools-for-stm32.7-2018-q2-update.win32_1.4.0.202007081208/tools/bin/../lib/gcc/arm-none-eabi/7.3.1/thumb/v7e-m/fpv4-sp/hard/crtbegin.o

.rodata         0x000000000800291c       0xd8
                0x000000000800291c                . = ALIGN (0x4)
 *(.rodata)
 .rodata        0x000000000800291c       0x20 Core/Src/main.o
 *(.rodata*)
 .rodata.main.str1.4
                0x000000000800293c       0x80 Core/Src/main.o
 .rodata.AHBPrescTable
                0x00000000080029bc       0x10 Core/Src/system_stm32f3xx.o
                0x00000000080029bc                AHBPrescTable
 .rodata.APBPrescTable
                0x00000000080029cc        0x8 Core/Src/system_stm32f3xx.o
                0x00000000080029cc                APBPrescTable
 .rodata.aPLLMULFactorTable
                0x00000000080029d4       0x10 Drivers/STM32F3xx_HAL_Driver/Src/stm32f3xx_hal_rcc.o
                0x00000000080029d4                aPLLMULFactorTable
 .rodata.aPredivFactorTable
                0x00000000080029e4       0x10 Drivers/STM32F3xx_HAL_Driver/Src/stm32f3xx_hal_rcc.o
                0x00000000080029e4                aPredivFactorTable
                0x00000000080029f4                . = ALIGN (0x4)

.rel.dyn        0x00000000080029f4        0x0
 .rel.iplt      0x00000000080029f4        0x0 c:/st/stm32cubeide_1.4.0/stm32cubeide/plugins/com.st.stm32cube.ide.mcu.externaltools.gnu-tools-for-stm32.7-2018-q2-update.win32_1.4.0.202007081208/tools/bin/../lib/gcc/arm-none-eabi/7.3.1/thumb/v7e-m/fpv4-sp/hard/crtbegin.o

.ARM.extab      0x00000000080029f4        0x0
                0x00000000080029f4                . = ALIGN (0x4)
 *(.ARM.extab* .gnu.linkonce.armextab.*)
                0x00000000080029f4                . = ALIGN (0x4)

.ARM            0x00000000080029f4        0x0
                0x00000000080029f4                . = ALIGN (0x4)
                0x00000000080029f4                __exidx_start = .
 *(.ARM.exidx*)
                0x00000000080029f4                __exidx_end = .
                0x00000000080029f4                . = ALIGN (0x4)

.preinit_array  0x00000000080029f4        0x0
                0x00000000080029f4                . = ALIGN (0x4)
                0x00000000080029f4                PROVIDE (__preinit_array_start = .)
 *(.preinit_array*)
                0x00000000080029f4                PROVIDE (__preinit_array_end = .)
                0x00000000080029f4                . = ALIGN (0x4)

.init_array     0x00000000080029f4        0x4
                0x00000000080029f4                . = ALIGN (0x4)
                0x00000000080029f4                PROVIDE (__init_array_start = .)
 *(SORT_BY_NAME(.init_array.*))
 *(.init_array*)
 .init_array    0x00000000080029f4        0x4 c:/st/stm32cubeide_1.4.0/stm32cubeide/plugins/com.st.stm32cube.ide.mcu.externaltools.gnu-tools-for-stm32.7-2018-q2-update.win32_1.4.0.202007081208/tools/bin/../lib/gcc/arm-none-eabi/7.3.1/thumb/v7e-m/fpv4-sp/hard/crtbegin.o
                0x00000000080029f8                PROVIDE (__init_array_end = .)
                0x00000000080029f8                . = ALIGN (0x4)

.fini_array     0x00000000080029f8        0x4
                0x00000000080029f8                . = ALIGN (0x4)
                [!provide]                        PROVIDE (__fini_array_start = .)
 *(SORT_BY_NAME(.fini_array.*))
 *(.fini_array*)
 .fini_array    0x00000000080029f8        0x4 c:/st/stm32cubeide_1.4.0/stm32cubeide/plugins/com.st.stm32cube.ide.mcu.externaltools.gnu-tools-for-stm32.7-2018-q2-update.win32_1.4.0.202007081208/tools/bin/../lib/gcc/arm-none-eabi/7.3.1/thumb/v7e-m/fpv4-sp/hard/crtbegin.o
                [!provide]                        PROVIDE (__fini_array_end = .)
                0x00000000080029fc                . = ALIGN (0x4)
                0x00000000080029fc                _sidata = LOADADDR (.data)

.data           0x0000000020000000        0xc load address 0x00000000080029fc
                0x0000000020000000                . = ALIGN (0x4)
                0x0000000020000000                _sdata = .
 *(.data)
 *(.data*)
 .data.SystemCoreClock
                0x0000000020000000        0x4 Core/Src/system_stm32f3xx.o
                0x0000000020000000                SystemCoreClock
 .data.uwTickFreq
                0x0000000020000004        0x1 Drivers/STM32F3xx_HAL_Driver/Src/stm32f3xx_hal.o
                0x0000000020000004                uwTickFreq
 *fill*         0x0000000020000005        0x3 
 .data.uwTickPrio
                0x0000000020000008        0x4 Drivers/STM32F3xx_HAL_Driver/Src/stm32f3xx_hal.o
                0x0000000020000008                uwTickPrio
                0x000000002000000c                . = ALIGN (0x4)
                0x000000002000000c                _edata = .

.igot.plt       0x000000002000000c        0x0 load address 0x0000000008002a08
 .igot.plt      0x000000002000000c        0x0 c:/st/stm32cubeide_1.4.0/stm32cubeide/plugins/com.st.stm32cube.ide.mcu.externaltools.gnu-tools-for-stm32.7-2018-q2-update.win32_1.4.0.202007081208/tools/bin/../lib/gcc/arm-none-eabi/7.3.1/thumb/v7e-m/fpv4-sp/hard/crtbegin.o
                0x000000002000000c                . = ALIGN (0x4)

.bss            0x000000002000000c      0x334 load address 0x0000000008002a08
                0x000000002000000c                _sbss = .
                0x000000002000000c                __bss_start__ = _sbss
 *(.bss)
 .bss           0x000000002000000c       0x1c c:/st/stm32cubeide_1.4.0/stm32cubeide/plugins/com.st.stm32cube.ide.mcu.externaltools.gnu-tools-for-stm32.7-2018-q2-update.win32_1.4.0.202007081208/tools/bin/../lib/gcc/arm-none-eabi/7.3.1/thumb/v7e-m/fpv4-sp/hard/crtbegin.o
 *(.bss*)
 .bss.GPS_UART  0x0000000020000028        0x1 Core/Src/usercode.o
                0x0000000020000028                GPS_UART
 .bss.PC_UART   0x0000000020000029        0x1 Core/Src/usercode.o
                0x0000000020000029                PC_UART
 *fill*         0x000000002000002a        0x2 
 .bss.current_index.8220
                0x000000002000002c        0x4 Core/Src/usercode.o
 .bss.current_index.8224
                0x0000000020000030        0x4 Core/Src/usercode.o
 .bss.gps_message_length
                0x0000000020000034        0x4 Core/Src/usercode.o
                0x0000000020000034                gps_message_length
 .bss.pc_message_length
                0x0000000020000038        0x4 Core/Src/usercode.o
                0x0000000020000038                pc_message_length
 .bss.seconds.8227
                0x000000002000003c        0x2 Core/Src/usercode.o
 *(COMMON)
 *fill*         0x000000002000003e        0x2 
 COMMON         0x0000000020000040      0x1d8 Core/Src/main.o
                0x0000000020000040                hdac1
                0x0000000020000054                hdma_dac1_ch1
                0x0000000020000098                huart1
                0x0000000020000118                htim6
                0x0000000020000158                htim2
                0x0000000020000198                huart2
 COMMON         0x0000000020000218      0x122 Core/Src/usercode.o
                0x0000000020000218                pc_message
                0x000000002000027c                gps_message
                0x00000000200002e0                timecode_pulse
                0x0000000020000328                timecode
 *fill*         0x000000002000033a        0x2 
 COMMON         0x000000002000033c        0x4 Drivers/STM32F3xx_HAL_Driver/Src/stm32f3xx_hal.o
                0x000000002000033c                uwTick
                0x0000000020000340                . = ALIGN (0x4)
                0x0000000020000340                _ebss = .
                0x0000000020000340                __bss_end__ = _ebss

._user_heap_stack
                0x0000000020000340      0x600 load address 0x0000000008002a08
                0x0000000020000340                . = ALIGN (0x8)
                [!provide]                        PROVIDE (end = .)
                0x0000000020000340                PROVIDE (_end = .)
                0x0000000020000540                . = (. + _Min_Heap_Size)
 *fill*         0x0000000020000340      0x200 
                0x0000000020000940                . = (. + _Min_Stack_Size)
 *fill*         0x0000000020000540      0x400 
                0x0000000020000940                . = ALIGN (0x8)

/DISCARD/
 libc.a(*)
 libm.a(*)
 libgcc.a(*)

.ARM.attributes
                0x0000000000000000       0x30
 *(.ARM.attributes)
 .ARM.attributes
                0x0000000000000000       0x22 c:/st/stm32cubeide_1.4.0/stm32cubeide/plugins/com.st.stm32cube.ide.mcu.externaltools.gnu-tools-for-stm32.7-2018-q2-update.win32_1.4.0.202007081208/tools/bin/../lib/gcc/arm-none-eabi/7.3.1/thumb/v7e-m/fpv4-sp/hard/crti.o
 .ARM.attributes
                0x0000000000000022       0x34 c:/st/stm32cubeide_1.4.0/stm32cubeide/plugins/com.st.stm32cube.ide.mcu.externaltools.gnu-tools-for-stm32.7-2018-q2-update.win32_1.4.0.202007081208/tools/bin/../lib/gcc/arm-none-eabi/7.3.1/thumb/v7e-m/fpv4-sp/hard/crtbegin.o
 .ARM.attributes
                0x0000000000000056       0x39 Core/Src/main.o
 .ARM.attributes
                0x000000000000008f       0x39 Core/Src/stm32f3xx_hal_msp.o
 .ARM.attributes
                0x00000000000000c8       0x39 Core/Src/stm32f3xx_it.o
 .ARM.attributes
                0x0000000000000101       0x39 Core/Src/system_stm32f3xx.o
 .ARM.attributes
                0x000000000000013a       0x39 Core/Src/usercode.o
 .ARM.attributes
                0x0000000000000173       0x21 Core/Startup/startup_stm32f334r8tx.o
 .ARM.attributes
                0x0000000000000194       0x39 Drivers/STM32F3xx_HAL_Driver/Src/stm32f3xx_hal.o
 .ARM.attributes
                0x00000000000001cd       0x39 Drivers/STM32F3xx_HAL_Driver/Src/stm32f3xx_hal_cortex.o
 .ARM.attributes
                0x0000000000000206       0x39 Drivers/STM32F3xx_HAL_Driver/Src/stm32f3xx_hal_dac.o
 .ARM.attributes
                0x000000000000023f       0x39 Drivers/STM32F3xx_HAL_Driver/Src/stm32f3xx_hal_dac_ex.o
 .ARM.attributes
                0x0000000000000278       0x39 Drivers/STM32F3xx_HAL_Driver/Src/stm32f3xx_hal_dma.o
 .ARM.attributes
                0x00000000000002b1       0x39 Drivers/STM32F3xx_HAL_Driver/Src/stm32f3xx_hal_gpio.o
 .ARM.attributes
                0x00000000000002ea       0x39 Drivers/STM32F3xx_HAL_Driver/Src/stm32f3xx_hal_rcc.o
 .ARM.attributes
                0x0000000000000323       0x39 Drivers/STM32F3xx_HAL_Driver/Src/stm32f3xx_hal_rcc_ex.o
 .ARM.attributes
                0x000000000000035c       0x39 Drivers/STM32F3xx_HAL_Driver/Src/stm32f3xx_hal_tim.o
 .ARM.attributes
                0x0000000000000395       0x39 Drivers/STM32F3xx_HAL_Driver/Src/stm32f3xx_hal_tim_ex.o
 .ARM.attributes
                0x00000000000003ce       0x39 Drivers/STM32F3xx_HAL_Driver/Src/stm32f3xx_hal_uart.o
 .ARM.attributes
                0x0000000000000407       0x39 Drivers/STM32F3xx_HAL_Driver/Src/stm32f3xx_hal_uart_ex.o
 .ARM.attributes
                0x0000000000000440       0x34 c:/st/stm32cubeide_1.4.0/stm32cubeide/plugins/com.st.stm32cube.ide.mcu.externaltools.gnu-tools-for-stm32.7-2018-q2-update.win32_1.4.0.202007081208/tools/bin/../lib/gcc/arm-none-eabi/7.3.1/../../../../arm-none-eabi/lib/thumb/v7e-m/fpv4-sp/hard\libc_nano.a(lib_a-init.o)
 .ARM.attributes
                0x0000000000000474       0x34 c:/st/stm32cubeide_1.4.0/stm32cubeide/plugins/com.st.stm32cube.ide.mcu.externaltools.gnu-tools-for-stm32.7-2018-q2-update.win32_1.4.0.202007081208/tools/bin/../lib/gcc/arm-none-eabi/7.3.1/../../../../arm-none-eabi/lib/thumb/v7e-m/fpv4-sp/hard\libc_nano.a(lib_a-memset.o)
 .ARM.attributes
                0x00000000000004a8       0x22 c:/st/stm32cubeide_1.4.0/stm32cubeide/plugins/com.st.stm32cube.ide.mcu.externaltools.gnu-tools-for-stm32.7-2018-q2-update.win32_1.4.0.202007081208/tools/bin/../lib/gcc/arm-none-eabi/7.3.1/thumb/v7e-m/fpv4-sp/hard/crtn.o
OUTPUT(20790988_Skripsie.elf elf32-littlearm)

.debug_info     0x0000000000000000    0x11356
 .debug_info    0x0000000000000000     0x208d Core/Src/main.o
 .debug_info    0x000000000000208d     0x1319 Core/Src/stm32f3xx_hal_msp.o
 .debug_info    0x00000000000033a6      0xdc0 Core/Src/stm32f3xx_it.o
 .debug_info    0x0000000000004166      0x460 Core/Src/system_stm32f3xx.o
 .debug_info    0x00000000000045c6      0xa21 Core/Src/usercode.o
 .debug_info    0x0000000000004fe7       0x22 Core/Startup/startup_stm32f334r8tx.o
 .debug_info    0x0000000000005009      0x82e Drivers/STM32F3xx_HAL_Driver/Src/stm32f3xx_hal.o
 .debug_info    0x0000000000005837      0xce3 Drivers/STM32F3xx_HAL_Driver/Src/stm32f3xx_hal_cortex.o
 .debug_info    0x000000000000651a      0x93c Drivers/STM32F3xx_HAL_Driver/Src/stm32f3xx_hal_dac.o
 .debug_info    0x0000000000006e56      0xb47 Drivers/STM32F3xx_HAL_Driver/Src/stm32f3xx_hal_dac_ex.o
 .debug_info    0x000000000000799d      0x881 Drivers/STM32F3xx_HAL_Driver/Src/stm32f3xx_hal_dma.o
 .debug_info    0x000000000000821e      0x7bb Drivers/STM32F3xx_HAL_Driver/Src/stm32f3xx_hal_gpio.o
 .debug_info    0x00000000000089d9     0x1471 Drivers/STM32F3xx_HAL_Driver/Src/stm32f3xx_hal_rcc.o
 .debug_info    0x0000000000009e4a      0x69d Drivers/STM32F3xx_HAL_Driver/Src/stm32f3xx_hal_rcc_ex.o
 .debug_info    0x000000000000a4e7     0x3402 Drivers/STM32F3xx_HAL_Driver/Src/stm32f3xx_hal_tim.o
 .debug_info    0x000000000000d8e9     0x156c Drivers/STM32F3xx_HAL_Driver/Src/stm32f3xx_hal_tim_ex.o
 .debug_info    0x000000000000ee55     0x1b74 Drivers/STM32F3xx_HAL_Driver/Src/stm32f3xx_hal_uart.o
 .debug_info    0x00000000000109c9      0x98d Drivers/STM32F3xx_HAL_Driver/Src/stm32f3xx_hal_uart_ex.o

.debug_abbrev   0x0000000000000000     0x24f0
 .debug_abbrev  0x0000000000000000      0x2d8 Core/Src/main.o
 .debug_abbrev  0x00000000000002d8      0x217 Core/Src/stm32f3xx_hal_msp.o
 .debug_abbrev  0x00000000000004ef      0x1df Core/Src/stm32f3xx_it.o
 .debug_abbrev  0x00000000000006ce      0x12b Core/Src/system_stm32f3xx.o
 .debug_abbrev  0x00000000000007f9      0x21e Core/Src/usercode.o
 .debug_abbrev  0x0000000000000a17       0x12 Core/Startup/startup_stm32f334r8tx.o
 .debug_abbrev  0x0000000000000a29      0x1ed Drivers/STM32F3xx_HAL_Driver/Src/stm32f3xx_hal.o
 .debug_abbrev  0x0000000000000c16      0x303 Drivers/STM32F3xx_HAL_Driver/Src/stm32f3xx_hal_cortex.o
 .debug_abbrev  0x0000000000000f19      0x1af Drivers/STM32F3xx_HAL_Driver/Src/stm32f3xx_hal_dac.o
 .debug_abbrev  0x00000000000010c8      0x259 Drivers/STM32F3xx_HAL_Driver/Src/stm32f3xx_hal_dac_ex.o
 .debug_abbrev  0x0000000000001321      0x22d Drivers/STM32F3xx_HAL_Driver/Src/stm32f3xx_hal_dma.o
 .debug_abbrev  0x000000000000154e      0x1de Drivers/STM32F3xx_HAL_Driver/Src/stm32f3xx_hal_gpio.o
 .debug_abbrev  0x000000000000172c      0x2a9 Drivers/STM32F3xx_HAL_Driver/Src/stm32f3xx_hal_rcc.o
 .debug_abbrev  0x00000000000019d5      0x24b Drivers/STM32F3xx_HAL_Driver/Src/stm32f3xx_hal_rcc_ex.o
 .debug_abbrev  0x0000000000001c20      0x226 Drivers/STM32F3xx_HAL_Driver/Src/stm32f3xx_hal_tim.o
 .debug_abbrev  0x0000000000001e46      0x237 Drivers/STM32F3xx_HAL_Driver/Src/stm32f3xx_hal_tim_ex.o
 .debug_abbrev  0x000000000000207d      0x24d Drivers/STM32F3xx_HAL_Driver/Src/stm32f3xx_hal_uart.o
 .debug_abbrev  0x00000000000022ca      0x226 Drivers/STM32F3xx_HAL_Driver/Src/stm32f3xx_hal_uart_ex.o

.debug_aranges  0x0000000000000000      0xdd8
 .debug_aranges
                0x0000000000000000       0x70 Core/Src/main.o
 .debug_aranges
                0x0000000000000070       0x50 Core/Src/stm32f3xx_hal_msp.o
 .debug_aranges
                0x00000000000000c0       0x90 Core/Src/stm32f3xx_it.o
 .debug_aranges
                0x0000000000000150       0x28 Core/Src/system_stm32f3xx.o
 .debug_aranges
                0x0000000000000178       0x40 Core/Src/usercode.o
 .debug_aranges
                0x00000000000001b8       0x28 Core/Startup/startup_stm32f334r8tx.o
 .debug_aranges
                0x00000000000001e0       0xe0 Drivers/STM32F3xx_HAL_Driver/Src/stm32f3xx_hal.o
 .debug_aranges
                0x00000000000002c0       0x90 Drivers/STM32F3xx_HAL_Driver/Src/stm32f3xx_hal_cortex.o
 .debug_aranges
                0x0000000000000350       0xa8 Drivers/STM32F3xx_HAL_Driver/Src/stm32f3xx_hal_dac.o
 .debug_aranges
                0x00000000000003f8       0xb8 Drivers/STM32F3xx_HAL_Driver/Src/stm32f3xx_hal_dac_ex.o
 .debug_aranges
                0x00000000000004b0       0x88 Drivers/STM32F3xx_HAL_Driver/Src/stm32f3xx_hal_dma.o
 .debug_aranges
                0x0000000000000538       0x58 Drivers/STM32F3xx_HAL_Driver/Src/stm32f3xx_hal_gpio.o
 .debug_aranges
                0x0000000000000590       0x88 Drivers/STM32F3xx_HAL_Driver/Src/stm32f3xx_hal_rcc.o
 .debug_aranges
                0x0000000000000618       0x38 Drivers/STM32F3xx_HAL_Driver/Src/stm32f3xx_hal_rcc_ex.o
 .debug_aranges
                0x0000000000000650      0x3c8 Drivers/STM32F3xx_HAL_Driver/Src/stm32f3xx_hal_tim.o
 .debug_aranges
                0x0000000000000a18      0x160 Drivers/STM32F3xx_HAL_Driver/Src/stm32f3xx_hal_tim_ex.o
 .debug_aranges
                0x0000000000000b78      0x210 Drivers/STM32F3xx_HAL_Driver/Src/stm32f3xx_hal_uart.o
 .debug_aranges
                0x0000000000000d88       0x50 Drivers/STM32F3xx_HAL_Driver/Src/stm32f3xx_hal_uart_ex.o

.debug_ranges   0x0000000000000000      0xd78
 .debug_ranges  0x0000000000000000       0x60 Core/Src/main.o
 .debug_ranges  0x0000000000000060       0x40 Core/Src/stm32f3xx_hal_msp.o
 .debug_ranges  0x00000000000000a0       0x80 Core/Src/stm32f3xx_it.o
 .debug_ranges  0x0000000000000120       0x18 Core/Src/system_stm32f3xx.o
 .debug_ranges  0x0000000000000138       0x50 Core/Src/usercode.o
 .debug_ranges  0x0000000000000188       0x20 Core/Startup/startup_stm32f334r8tx.o
 .debug_ranges  0x00000000000001a8       0xd0 Drivers/STM32F3xx_HAL_Driver/Src/stm32f3xx_hal.o
 .debug_ranges  0x0000000000000278       0xe0 Drivers/STM32F3xx_HAL_Driver/Src/stm32f3xx_hal_cortex.o
 .debug_ranges  0x0000000000000358       0x98 Drivers/STM32F3xx_HAL_Driver/Src/stm32f3xx_hal_dac.o
 .debug_ranges  0x00000000000003f0       0xa8 Drivers/STM32F3xx_HAL_Driver/Src/stm32f3xx_hal_dac_ex.o
 .debug_ranges  0x0000000000000498       0x78 Drivers/STM32F3xx_HAL_Driver/Src/stm32f3xx_hal_dma.o
 .debug_ranges  0x0000000000000510       0x48 Drivers/STM32F3xx_HAL_Driver/Src/stm32f3xx_hal_gpio.o
 .debug_ranges  0x0000000000000558       0x98 Drivers/STM32F3xx_HAL_Driver/Src/stm32f3xx_hal_rcc.o
 .debug_ranges  0x00000000000005f0       0x40 Drivers/STM32F3xx_HAL_Driver/Src/stm32f3xx_hal_rcc_ex.o
 .debug_ranges  0x0000000000000630      0x3b8 Drivers/STM32F3xx_HAL_Driver/Src/stm32f3xx_hal_tim.o
 .debug_ranges  0x00000000000009e8      0x150 Drivers/STM32F3xx_HAL_Driver/Src/stm32f3xx_hal_tim_ex.o
 .debug_ranges  0x0000000000000b38      0x200 Drivers/STM32F3xx_HAL_Driver/Src/stm32f3xx_hal_uart.o
 .debug_ranges  0x0000000000000d38       0x40 Drivers/STM32F3xx_HAL_Driver/Src/stm32f3xx_hal_uart_ex.o

.debug_macro    0x0000000000000000    0x1d150
 .debug_macro   0x0000000000000000      0x349 Core/Src/main.o
 .debug_macro   0x0000000000000349      0xa5a Core/Src/main.o
 .debug_macro   0x0000000000000da3      0x15d Core/Src/main.o
 .debug_macro   0x0000000000000f00       0x2e Core/Src/main.o
 .debug_macro   0x0000000000000f2e       0x28 Core/Src/main.o
 .debug_macro   0x0000000000000f56       0x22 Core/Src/main.o
 .debug_macro   0x0000000000000f78       0x8e Core/Src/main.o
 .debug_macro   0x0000000000001006       0x51 Core/Src/main.o
 .debug_macro   0x0000000000001057       0xef Core/Src/main.o
 .debug_macro   0x0000000000001146       0x6a Core/Src/main.o
 .debug_macro   0x00000000000011b0      0x1df Core/Src/main.o
 .debug_macro   0x000000000000138f       0x1c Core/Src/main.o
 .debug_macro   0x00000000000013ab       0x22 Core/Src/main.o
 .debug_macro   0x00000000000013cd       0xdf Core/Src/main.o
 .debug_macro   0x00000000000014ac      0xf07 Core/Src/main.o
 .debug_macro   0x00000000000023b3    0x15464 Core/Src/main.o
 .debug_macro   0x0000000000017817       0x43 Core/Src/main.o
 .debug_macro   0x000000000001785a      0x174 Core/Src/main.o
 .debug_macro   0x00000000000179ce       0x53 Core/Src/main.o
 .debug_macro   0x0000000000017a21      0x8f9 Core/Src/main.o
 .debug_macro   0x000000000001831a      0x358 Core/Src/main.o
 .debug_macro   0x0000000000018672      0x12f Core/Src/main.o
 .debug_macro   0x00000000000187a1      0x130 Core/Src/main.o
 .debug_macro   0x00000000000188d1      0x1d5 Core/Src/main.o
 .debug_macro   0x0000000000018aa6      0x1bc Core/Src/main.o
 .debug_macro   0x0000000000018c62       0x34 Core/Src/main.o
 .debug_macro   0x0000000000018c96       0x3c Core/Src/main.o
 .debug_macro   0x0000000000018cd2       0x57 Core/Src/main.o
 .debug_macro   0x0000000000018d29      0x18b Core/Src/main.o
 .debug_macro   0x0000000000018eb4       0x73 Core/Src/main.o
 .debug_macro   0x0000000000018f27       0xc5 Core/Src/main.o
 .debug_macro   0x0000000000018fec      0x19f Core/Src/main.o
 .debug_macro   0x000000000001918b      0x22c Core/Src/main.o
 .debug_macro   0x00000000000193b7       0x58 Core/Src/main.o
 .debug_macro   0x000000000001940f       0xa5 Core/Src/main.o
 .debug_macro   0x00000000000194b4       0x81 Core/Src/main.o
 .debug_macro   0x0000000000019535       0xd3 Core/Src/main.o
 .debug_macro   0x0000000000019608      0x9e9 Core/Src/main.o
 .debug_macro   0x0000000000019ff1       0x59 Core/Src/main.o
 .debug_macro   0x000000000001a04a      0x589 Core/Src/main.o
 .debug_macro   0x000000000001a5d3       0x44 Core/Src/main.o
 .debug_macro   0x000000000001a617      0x2a1 Core/Src/main.o
 .debug_macro   0x000000000001a8b8       0x22 Core/Src/main.o
 .debug_macro   0x000000000001a8da       0x10 Core/Src/main.o
 .debug_macro   0x000000000001a8ea       0x46 Core/Src/main.o
 .debug_macro   0x000000000001a930       0x18 Core/Src/main.o
 .debug_macro   0x000000000001a948       0x3c Core/Src/main.o
 .debug_macro   0x000000000001a984       0x34 Core/Src/main.o
 .debug_macro   0x000000000001a9b8       0x16 Core/Src/main.o
 .debug_macro   0x000000000001a9ce       0x35 Core/Src/main.o
 .debug_macro   0x000000000001aa03      0x32a Core/Src/main.o
 .debug_macro   0x000000000001ad2d       0x10 Core/Src/main.o
 .debug_macro   0x000000000001ad3d       0x52 Core/Src/main.o
 .debug_macro   0x000000000001ad8f       0x1f Core/Src/main.o
 .debug_macro   0x000000000001adae       0x43 Core/Src/main.o
 .debug_macro   0x000000000001adf1       0x20 Core/Src/main.o
 .debug_macro   0x000000000001ae11      0x1a3 Core/Src/main.o
 .debug_macro   0x000000000001afb4       0x10 Core/Src/main.o
 .debug_macro   0x000000000001afc4       0x1c Core/Src/main.o
 .debug_macro   0x000000000001afe0       0x52 Core/Src/main.o
 .debug_macro   0x000000000001b032       0x40 Core/Src/main.o
 .debug_macro   0x000000000001b072       0x10 Core/Src/main.o
 .debug_macro   0x000000000001b082       0x40 Core/Src/main.o
 .debug_macro   0x000000000001b0c2       0xd7 Core/Src/main.o
 .debug_macro   0x000000000001b199       0x1c Core/Src/main.o
 .debug_macro   0x000000000001b1b5       0x3d Core/Src/main.o
 .debug_macro   0x000000000001b1f2       0x16 Core/Src/main.o
 .debug_macro   0x000000000001b208      0x145 Core/Src/main.o
 .debug_macro   0x000000000001b34d      0x1db Core/Src/stm32f3xx_hal_msp.o
 .debug_macro   0x000000000001b528      0x1fd Core/Src/stm32f3xx_it.o
 .debug_macro   0x000000000001b725      0x1d7 Core/Src/system_stm32f3xx.o
 .debug_macro   0x000000000001b8fc      0x1e9 Core/Src/usercode.o
 .debug_macro   0x000000000001bae5      0x1f5 Drivers/STM32F3xx_HAL_Driver/Src/stm32f3xx_hal.o
 .debug_macro   0x000000000001bcda      0x1d1 Drivers/STM32F3xx_HAL_Driver/Src/stm32f3xx_hal_cortex.o
 .debug_macro   0x000000000001beab      0x1d2 Drivers/STM32F3xx_HAL_Driver/Src/stm32f3xx_hal_dac.o
 .debug_macro   0x000000000001c07d      0x1d1 Drivers/STM32F3xx_HAL_Driver/Src/stm32f3xx_hal_dac_ex.o
 .debug_macro   0x000000000001c24e      0x1d1 Drivers/STM32F3xx_HAL_Driver/Src/stm32f3xx_hal_dma.o
 .debug_macro   0x000000000001c41f      0x209 Drivers/STM32F3xx_HAL_Driver/Src/stm32f3xx_hal_gpio.o
 .debug_macro   0x000000000001c628      0x1f5 Drivers/STM32F3xx_HAL_Driver/Src/stm32f3xx_hal_rcc.o
 .debug_macro   0x000000000001c81d      0x1d1 Drivers/STM32F3xx_HAL_Driver/Src/stm32f3xx_hal_rcc_ex.o
 .debug_macro   0x000000000001c9ee      0x1d2 Drivers/STM32F3xx_HAL_Driver/Src/stm32f3xx_hal_tim.o
 .debug_macro   0x000000000001cbc0      0x1d1 Drivers/STM32F3xx_HAL_Driver/Src/stm32f3xx_hal_tim_ex.o
 .debug_macro   0x000000000001cd91      0x1ee Drivers/STM32F3xx_HAL_Driver/Src/stm32f3xx_hal_uart.o
 .debug_macro   0x000000000001cf7f      0x1d1 Drivers/STM32F3xx_HAL_Driver/Src/stm32f3xx_hal_uart_ex.o

.debug_line     0x0000000000000000     0xb2ba
 .debug_line    0x0000000000000000      0x9f3 Core/Src/main.o
 .debug_line    0x00000000000009f3      0x7a2 Core/Src/stm32f3xx_hal_msp.o
 .debug_line    0x0000000000001195      0x7f3 Core/Src/stm32f3xx_it.o
 .debug_line    0x0000000000001988      0x6ed Core/Src/system_stm32f3xx.o
 .debug_line    0x0000000000002075      0x76d Core/Src/usercode.o
 .debug_line    0x00000000000027e2       0x85 Core/Startup/startup_stm32f334r8tx.o
 .debug_line    0x0000000000002867      0x8a1 Drivers/STM32F3xx_HAL_Driver/Src/stm32f3xx_hal.o
 .debug_line    0x0000000000003108      0x8b0 Drivers/STM32F3xx_HAL_Driver/Src/stm32f3xx_hal_cortex.o
 .debug_line    0x00000000000039b8      0x83b Drivers/STM32F3xx_HAL_Driver/Src/stm32f3xx_hal_dac.o
 .debug_line    0x00000000000041f3      0x964 Drivers/STM32F3xx_HAL_Driver/Src/stm32f3xx_hal_dac_ex.o
 .debug_line    0x0000000000004b57      0x925 Drivers/STM32F3xx_HAL_Driver/Src/stm32f3xx_hal_dma.o
 .debug_line    0x000000000000547c      0x821 Drivers/STM32F3xx_HAL_Driver/Src/stm32f3xx_hal_gpio.o
 .debug_line    0x0000000000005c9d      0xbd0 Drivers/STM32F3xx_HAL_Driver/Src/stm32f3xx_hal_rcc.o
 .debug_line    0x000000000000686d      0x875 Drivers/STM32F3xx_HAL_Driver/Src/stm32f3xx_hal_rcc_ex.o
 .debug_line    0x00000000000070e2     0x1a57 Drivers/STM32F3xx_HAL_Driver/Src/stm32f3xx_hal_tim.o
 .debug_line    0x0000000000008b39      0xd8e Drivers/STM32F3xx_HAL_Driver/Src/stm32f3xx_hal_tim_ex.o
 .debug_line    0x00000000000098c7     0x1218 Drivers/STM32F3xx_HAL_Driver/Src/stm32f3xx_hal_uart.o
 .debug_line    0x000000000000aadf      0x7db Drivers/STM32F3xx_HAL_Driver/Src/stm32f3xx_hal_uart_ex.o

.debug_str      0x0000000000000000    0xa99f8
 .debug_str     0x0000000000000000    0xa68c7 Core/Src/main.o
                                      0xa6c97 (size before relaxing)
 .debug_str     0x00000000000a68c7      0x181 Core/Src/stm32f3xx_hal_msp.o
                                      0xa2743 (size before relaxing)
 .debug_str     0x00000000000a6a48      0x1db Core/Src/stm32f3xx_it.o
                                      0xa2417 (size before relaxing)
 .debug_str     0x00000000000a6c23       0xc7 Core/Src/system_stm32f3xx.o
                                      0xa1b33 (size before relaxing)
 .debug_str     0x00000000000a6cea       0x6f Core/Src/usercode.o
                                      0xa211a (size before relaxing)
 .debug_str     0x00000000000a6d59       0x36 Core/Startup/startup_stm32f334r8tx.o
                                         0x81 (size before relaxing)
 .debug_str     0x00000000000a6d8f      0x3f4 Drivers/STM32F3xx_HAL_Driver/Src/stm32f3xx_hal.o
                                      0xa222a (size before relaxing)
 .debug_str     0x00000000000a7183      0x23e Drivers/STM32F3xx_HAL_Driver/Src/stm32f3xx_hal_cortex.o
                                      0xa21c6 (size before relaxing)
 .debug_str     0x00000000000a73c1      0x13a Drivers/STM32F3xx_HAL_Driver/Src/stm32f3xx_hal_dac.o
                                      0xa1f61 (size before relaxing)
 .debug_str     0x00000000000a74fb      0x197 Drivers/STM32F3xx_HAL_Driver/Src/stm32f3xx_hal_dac_ex.o
                                      0xa206a (size before relaxing)
 .debug_str     0x00000000000a7692      0x1fa Drivers/STM32F3xx_HAL_Driver/Src/stm32f3xx_hal_dma.o
                                      0xa1ea5 (size before relaxing)
 .debug_str     0x00000000000a788c      0x1bf Drivers/STM32F3xx_HAL_Driver/Src/stm32f3xx_hal_gpio.o
                                      0xa1df7 (size before relaxing)
 .debug_str     0x00000000000a7a4b      0x2ed Drivers/STM32F3xx_HAL_Driver/Src/stm32f3xx_hal_rcc.o
                                      0xa1fb4 (size before relaxing)
 .debug_str     0x00000000000a7d38       0xbe Drivers/STM32F3xx_HAL_Driver/Src/stm32f3xx_hal_rcc_ex.o
                                      0xa1cef (size before relaxing)
 .debug_str     0x00000000000a7df6      0xdb9 Drivers/STM32F3xx_HAL_Driver/Src/stm32f3xx_hal_tim.o
                                      0xa2d8c (size before relaxing)
 .debug_str     0x00000000000a8baf      0x521 Drivers/STM32F3xx_HAL_Driver/Src/stm32f3xx_hal_tim_ex.o
                                      0xa2592 (size before relaxing)
 .debug_str     0x00000000000a90d0      0x7e2 Drivers/STM32F3xx_HAL_Driver/Src/stm32f3xx_hal_uart.o
                                      0xa2796 (size before relaxing)
 .debug_str     0x00000000000a98b2      0x146 Drivers/STM32F3xx_HAL_Driver/Src/stm32f3xx_hal_uart_ex.o
                                      0xa2027 (size before relaxing)

.comment        0x0000000000000000       0x7b
 .comment       0x0000000000000000       0x7b Core/Src/main.o
                                         0x7c (size before relaxing)
 .comment       0x000000000000007b       0x7c Core/Src/stm32f3xx_hal_msp.o
 .comment       0x000000000000007b       0x7c Core/Src/stm32f3xx_it.o
 .comment       0x000000000000007b       0x7c Core/Src/system_stm32f3xx.o
 .comment       0x000000000000007b       0x7c Core/Src/usercode.o
 .comment       0x000000000000007b       0x7c Drivers/STM32F3xx_HAL_Driver/Src/stm32f3xx_hal.o
 .comment       0x000000000000007b       0x7c Drivers/STM32F3xx_HAL_Driver/Src/stm32f3xx_hal_cortex.o
 .comment       0x000000000000007b       0x7c Drivers/STM32F3xx_HAL_Driver/Src/stm32f3xx_hal_dac.o
 .comment       0x000000000000007b       0x7c Drivers/STM32F3xx_HAL_Driver/Src/stm32f3xx_hal_dac_ex.o
 .comment       0x000000000000007b       0x7c Drivers/STM32F3xx_HAL_Driver/Src/stm32f3xx_hal_dma.o
 .comment       0x000000000000007b       0x7c Drivers/STM32F3xx_HAL_Driver/Src/stm32f3xx_hal_gpio.o
 .comment       0x000000000000007b       0x7c Drivers/STM32F3xx_HAL_Driver/Src/stm32f3xx_hal_rcc.o
 .comment       0x000000000000007b       0x7c Drivers/STM32F3xx_HAL_Driver/Src/stm32f3xx_hal_rcc_ex.o
 .comment       0x000000000000007b       0x7c Drivers/STM32F3xx_HAL_Driver/Src/stm32f3xx_hal_tim.o
 .comment       0x000000000000007b       0x7c Drivers/STM32F3xx_HAL_Driver/Src/stm32f3xx_hal_tim_ex.o
 .comment       0x000000000000007b       0x7c Drivers/STM32F3xx_HAL_Driver/Src/stm32f3xx_hal_uart.o
 .comment       0x000000000000007b       0x7c Drivers/STM32F3xx_HAL_Driver/Src/stm32f3xx_hal_uart_ex.o

.debug_frame    0x0000000000000000     0x240c
 .debug_frame   0x0000000000000000      0x140 Core/Src/main.o
 .debug_frame   0x0000000000000140       0xd4 Core/Src/stm32f3xx_hal_msp.o
 .debug_frame   0x0000000000000214      0x140 Core/Src/stm32f3xx_it.o
 .debug_frame   0x0000000000000354       0x30 Core/Src/system_stm32f3xx.o
 .debug_frame   0x0000000000000384       0x7c Core/Src/usercode.o
 .debug_frame   0x0000000000000400      0x1cc Drivers/STM32F3xx_HAL_Driver/Src/stm32f3xx_hal.o
 .debug_frame   0x00000000000005cc      0x12c Drivers/STM32F3xx_HAL_Driver/Src/stm32f3xx_hal_cortex.o
 .debug_frame   0x00000000000006f8      0x15c Drivers/STM32F3xx_HAL_Driver/Src/stm32f3xx_hal_dac.o
 .debug_frame   0x0000000000000854      0x1ec Drivers/STM32F3xx_HAL_Driver/Src/stm32f3xx_hal_dac_ex.o
 .debug_frame   0x0000000000000a40      0x164 Drivers/STM32F3xx_HAL_Driver/Src/stm32f3xx_hal_dma.o
 .debug_frame   0x0000000000000ba4       0xd8 Drivers/STM32F3xx_HAL_Driver/Src/stm32f3xx_hal_gpio.o
 .debug_frame   0x0000000000000c7c      0x170 Drivers/STM32F3xx_HAL_Driver/Src/stm32f3xx_hal_rcc.o
 .debug_frame   0x0000000000000dec       0x7c Drivers/STM32F3xx_HAL_Driver/Src/stm32f3xx_hal_rcc_ex.o
 .debug_frame   0x0000000000000e68      0xb00 Drivers/STM32F3xx_HAL_Driver/Src/stm32f3xx_hal_tim.o
 .debug_frame   0x0000000000001968      0x3f8 Drivers/STM32F3xx_HAL_Driver/Src/stm32f3xx_hal_tim_ex.o
 .debug_frame   0x0000000000001d60      0x5a4 Drivers/STM32F3xx_HAL_Driver/Src/stm32f3xx_hal_uart.o
 .debug_frame   0x0000000000002304       0xbc Drivers/STM32F3xx_HAL_Driver/Src/stm32f3xx_hal_uart_ex.o
 .debug_frame   0x00000000000023c0       0x2c c:/st/stm32cubeide_1.4.0/stm32cubeide/plugins/com.st.stm32cube.ide.mcu.externaltools.gnu-tools-for-stm32.7-2018-q2-update.win32_1.4.0.202007081208/tools/bin/../lib/gcc/arm-none-eabi/7.3.1/../../../../arm-none-eabi/lib/thumb/v7e-m/fpv4-sp/hard\libc_nano.a(lib_a-init.o)
 .debug_frame   0x00000000000023ec       0x20 c:/st/stm32cubeide_1.4.0/stm32cubeide/plugins/com.st.stm32cube.ide.mcu.externaltools.gnu-tools-for-stm32.7-2018-q2-update.win32_1.4.0.202007081208/tools/bin/../lib/gcc/arm-none-eabi/7.3.1/../../../../arm-none-eabi/lib/thumb/v7e-m/fpv4-sp/hard\libc_nano.a(lib_a-memset.o)

.debug_loc      0x0000000000000000     0x9a8f
 .debug_loc     0x0000000000000000      0x1a1 Core/Src/stm32f3xx_hal_msp.o
 .debug_loc     0x00000000000001a1       0x26 Core/Src/stm32f3xx_it.o
 .debug_loc     0x00000000000001c7       0xff Core/Src/system_stm32f3xx.o
 .debug_loc     0x00000000000002c6      0x113 Core/Src/usercode.o
 .debug_loc     0x00000000000003d9      0x11b Drivers/STM32F3xx_HAL_Driver/Src/stm32f3xx_hal.o
 .debug_loc     0x00000000000004f4      0x5ad Drivers/STM32F3xx_HAL_Driver/Src/stm32f3xx_hal_cortex.o
 .debug_loc     0x0000000000000aa1      0x25c Drivers/STM32F3xx_HAL_Driver/Src/stm32f3xx_hal_dac.o
 .debug_loc     0x0000000000000cfd      0x82a Drivers/STM32F3xx_HAL_Driver/Src/stm32f3xx_hal_dac_ex.o
 .debug_loc     0x0000000000001527      0x7c6 Drivers/STM32F3xx_HAL_Driver/Src/stm32f3xx_hal_dma.o
 .debug_loc     0x0000000000001ced      0x2de Drivers/STM32F3xx_HAL_Driver/Src/stm32f3xx_hal_gpio.o
 .debug_loc     0x0000000000001fcb      0x958 Drivers/STM32F3xx_HAL_Driver/Src/stm32f3xx_hal_rcc.o
 .debug_loc     0x0000000000002923      0x4aa Drivers/STM32F3xx_HAL_Driver/Src/stm32f3xx_hal_rcc_ex.o
 .debug_loc     0x0000000000002dcd     0x3c9b Drivers/STM32F3xx_HAL_Driver/Src/stm32f3xx_hal_tim.o
 .debug_loc     0x0000000000006a68     0x15be Drivers/STM32F3xx_HAL_Driver/Src/stm32f3xx_hal_tim_ex.o
 .debug_loc     0x0000000000008026     0x17cf Drivers/STM32F3xx_HAL_Driver/Src/stm32f3xx_hal_uart.o
 .debug_loc     0x00000000000097f5      0x29a Drivers/STM32F3xx_HAL_Driver/Src/stm32f3xx_hal_uart_ex.o
